Testing Query Analyzer Logic...

============================================================
python : Traceback (most recent cal
l last):
위치 줄:1 문자:1
+ python apps/rag/tests/test_qa_log
ic.py > test_output.txt 2>&1
+ ~~~~~~~~~~~~~~~~~~~~~~~~~~~~~~~~~
~~~~~~~~~~~~~~~~~~~~~~~~~~~~
    + CategoryInfo          : NotS 
   pecified: (Traceback (most rec  
  ent call last)::String) [], Re   
 moteException
    + FullyQualifiedErrorId : Nati 
   veCommandError
 
  File "C:\Users\Playdata\Desktop\S
KN18\SKN18-FINAL-1TEAM\apps\rag\tes
ts\test_qa_logic.py", line 83, in <
module>
    test_analyze()
  File "C:\Users\Playdata\Desktop\S
KN18\SKN18-FINAL-1TEAM\apps\rag\tes
ts\test_qa_logic.py", line 46, in t
est_analyze
    result1 = query_analyzer_node.a
nalyze(state1)
              ^^^^^^^^^^^^^^^^^^^^^
^^^^^^^^^^^^^^
  File "C:\Users\Playdata\Desktop\S
KN18\SKN18-FINAL-1TEAM\apps\rag\nod
es\query_analyzer_node.py", line 44
5, in analyze
    return analyze_query(state)
           ^^^^^^^^^^^^^^^^^^^^
  File "C:\Users\Playdata\Desktop\S
KN18\SKN18-FINAL-1TEAM\apps\rag\nod
es\query_analyzer_node.py", line 36
, in analyze_query
    print(f"[QueryAnalyzer] \U0001f
50d 질문 분석 시작: {question}")
UnicodeEncodeError: 'cp949' codec c
an't encode character '\U0001f50d' 
in position 16: illegal multibyte s
equence
