Testing Query Analyzer Logic...

============================================================
[QueryAnalyzer] ?뵇 吏덈Ц 遺꾩꽍 ?쒖옉: 媛뺣궓
============================================================

[QueryAnalyzer] ?벀 湲곗〈 ?섏쭛 議곌굔: []
[ConversationCache] ??Load failed: the JSON object must be str, bytes or bytearray, not MagicMock
[QueryAnalyzer] ?뱴 ????덉뒪?좊━: 0媛?
[QueryAnalyzer] ??OpenAI 遺꾩꽍 ?ㅽ뙣: the JSON object must be str, bytes or bytearray, not MagicMock, 洹쒖튃 湲곕컲 ?대갚 ?ъ슜
Test 1 (Gangnam): Complete=False, Missing=['deal_type', 'style']

============================================================
[QueryAnalyzer] ?뵇 吏덈Ц 遺꾩꽍 ?쒖옉: 留ㅻЪ 異붿쿇?댁쨾
============================================================

[QueryAnalyzer] ?벀 湲곗〈 ?섏쭛 議곌굔: []
[ConversationCache] ??Load failed: the JSON object must be str, bytes or bytearray, not MagicMock
[QueryAnalyzer] ?뱴 ????덉뒪?좊━: 0媛?
[QueryAnalyzer] ??OpenAI 遺꾩꽍 ?ㅽ뙣: the JSON object must be str, bytes or bytearray, not MagicMock, 洹쒖튃 湲곕컲 ?대갚 ?ъ슜
Test 2 (Property): Deal Type='' (Should be empty)

============================================================
[QueryAnalyzer] ?뵇 吏덈Ц 遺꾩꽍 ?쒖옉: 媛뺣궓 ?꾩꽭 1痢??レ뼱
============================================================

[QueryAnalyzer] ?벀 湲곗〈 ?섏쭛 議곌굔: []
[ConversationCache] ??Load failed: the JSON object must be str, bytes or bytearray, not MagicMock
[QueryAnalyzer] ?뱴 ????덉뒪?좊━: 0媛?
[QueryAnalyzer] ??OpenAI 遺꾩꽍 ?ㅽ뙣: the JSON object must be str, bytes or bytearray, not MagicMock, 洹쒖튃 湲곕컲 ?대갚 ?ъ슜
Test 3 (Floor Exclusion): Excluded Floors=['1痢?]

============================================================
[QueryAnalyzer] ?뵇 吏덈Ц 遺꾩꽍 ?쒖옉: 媛뺣궓 ?꾩꽭 ?⑦뼢
============================================================

[QueryAnalyzer] ?벀 湲곗〈 ?섏쭛 議곌굔: []
[ConversationCache] ??Load failed: the JSON object must be str, bytes or bytearray, not MagicMock
[QueryAnalyzer] ?뱴 ????덉뒪?좊━: 0媛?
[QueryAnalyzer] ??OpenAI 遺꾩꽍 ?ㅽ뙣: the JSON object must be str, bytes or bytearray, not MagicMock, 洹쒖튃 湲곕컲 ?대갚 ?ъ슜
Test 4 (Direction): Direction='?⑦뼢'
